This is pdfTeX, Version 3.141592653-2.6-1.40.27 (TeX Live 2025) (preloaded format=pdflatex 2025.9.8)  10 OCT 2025 02:04
entering extended mode
 restricted \write18 enabled.
 %&-line parsing enabled.
**00-acronimos.tex
(./00-acronimos.tex
LaTeX2e <2024-11-01> patch level 2
L3 programming layer <2025-01-18>
! Undefined control sequence.
l.2 \phantomsection
                   
The control sequence at the end of the top line
of your error message was never \def'ed. If you have
misspelled it (e.g., `\hobx'), type `I' and the correct
spelling (e.g., `I\hbox'). Otherwise just continue,
and I'll forget about whatever was undefined.

! Undefined control sequence.
l.3 \chapter
            *{Acrónimos} % capítulo NO numerado
The control sequence at the end of the top line
of your error message was never \def'ed. If you have
misspelled it (e.g., `\hobx'), type `I' and the correct
spelling (e.g., `I\hbox'). Otherwise just continue,
and I'll forget about whatever was undefined.


! LaTeX Error: Missing \begin{document}.

See the LaTeX manual or LaTeX Companion for explanation.
Type  H <return>  for immediate help.
 ...                                              
                                                  
l.3 \chapter*
             {Acrónimos} % capítulo NO numerado
You're in trouble here.  Try typing  <return>  to proceed.
If that doesn't work, type  X <return>  to quit.

Missing character: There is no * in font nullfont!
Missing character: There is no A in font nullfont!
Missing character: There is no c in font nullfont!
Missing character: There is no r in font nullfont!
LaTeX Font Info:    Trying to load font information for +cmr on input line 3.
LaTeX Font Info:    No file cmr.fd. on input line 3.

LaTeX Font Warning: Font shape `/cmr/m/n' undefined
(Font)              using `/cmr/m/n' instead on input line 3.

! Corrupted NFSS tables.
wrong@fontshape ...message {Corrupted NFSS tables}
                                                  error@fontshape else let f...
l.3 \chapter*{Acró
                   nimos} % capítulo NO numerado
This error message was generated by an \errmessage
command, so I can't give any explicit help.
Pretend that you're Hercule Poirot: Examine all clues,
and deduce the truth by order and method.


LaTeX Font Warning: Font shape `/cmr/m/n' undefined
(Font)              using `OT1/cmr/m/n' instead on input line 3.

Missing character: There is no n in font nullfont!
Missing character: There is no i in font nullfont!
Missing character: There is no m in font nullfont!
Missing character: There is no o in font nullfont!
Missing character: There is no s in font nullfont!

Overfull \hbox (30.00003pt too wide) in paragraph at lines 3--5
[]\/cmr/m/n/10 ^^So
 []

! Undefined control sequence.
l.8 \newacronym
               {nba}{NBA}{National Basketball Association}
The control sequence at the end of the top line
of your error message was never \def'ed. If you have
misspelled it (e.g., `\hobx'), type `I' and the correct
spelling (e.g., `I\hbox'). Otherwise just continue,
and I'll forget about whatever was undefined.


! LaTeX Error: Missing \begin{document}.

See the LaTeX manual or LaTeX Companion for explanation.
Type  H <return>  for immediate help.
 ...                                              
                                                  
l.8 \newacronym{n
                 ba}{NBA}{National Basketball Association}
You're in trouble here.  Try typing  <return>  to proceed.
If that doesn't work, type  X <return>  to quit.

Missing character: There is no n in font nullfont!
Missing character: There is no b in font nullfont!
Missing character: There is no a in font nullfont!
Missing character: There is no N in font nullfont!
Missing character: There is no B in font nullfont!
Missing character: There is no A in font nullfont!
Missing character: There is no N in font nullfont!
Missing character: There is no a in font nullfont!
Missing character: There is no t in font nullfont!
Missing character: There is no i in font nullfont!
Missing character: There is no o in font nullfont!
Missing character: There is no n in font nullfont!
Missing character: There is no a in font nullfont!
Missing character: There is no l in font nullfont!
Missing character: There is no B in font nullfont!
Missing character: There is no a in font nullfont!
Missing character: There is no s in font nullfont!
Missing character: There is no k in font nullfont!
Missing character: There is no e in font nullfont!
Missing character: There is no t in font nullfont!
Missing character: There is no b in font nullfont!
Missing character: There is no a in font nullfont!
Missing character: There is no l in font nullfont!
Missing character: There is no l in font nullfont!
Missing character: There is no A in font nullfont!
Missing character: There is no s in font nullfont!
Missing character: There is no s in font nullfont!
Missing character: There is no o in font nullfont!
Missing character: There is no c in font nullfont!
Missing character: There is no i in font nullfont!
Missing character: There is no a in font nullfont!
Missing character: There is no t in font nullfont!
Missing character: There is no i in font nullfont!
Missing character: There is no o in font nullfont!
Missing character: There is no n in font nullfont!
! Undefined control sequence.
l.9 \newacronym
               {ia}{IA}{Inteligencia Artificial}
The control sequence at the end of the top line
of your error message was never \def'ed. If you have
misspelled it (e.g., `\hobx'), type `I' and the correct
spelling (e.g., `I\hbox'). Otherwise just continue,
and I'll forget about whatever was undefined.

Missing character: There is no i in font nullfont!
Missing character: There is no a in font nullfont!
Missing character: There is no I in font nullfont!
Missing character: There is no A in font nullfont!
Missing character: There is no I in font nullfont!
Missing character: There is no n in font nullfont!
Missing character: There is no t in font nullfont!
Missing character: There is no e in font nullfont!
Missing character: There is no l in font nullfont!
Missing character: There is no i in font nullfont!
Missing character: There is no g in font nullfont!
Missing character: There is no e in font nullfont!
Missing character: There is no n in font nullfont!
Missing character: There is no c in font nullfont!
Missing character: There is no i in font nullfont!
Missing character: There is no a in font nullfont!
Missing character: There is no A in font nullfont!
Missing character: There is no r in font nullfont!
Missing character: There is no t in font nullfont!
Missing character: There is no i in font nullfont!
Missing character: There is no f in font nullfont!
Missing character: There is no i in font nullfont!
Missing character: There is no c in font nullfont!
Missing character: There is no i in font nullfont!
Missing character: There is no a in font nullfont!
Missing character: There is no l in font nullfont!
! Undefined control sequence.
l.10 \newacronym
                {ml}{ML}{\textit{Machine Learning}}
The control sequence at the end of the top line
of your error message was never \def'ed. If you have
misspelled it (e.g., `\hobx'), type `I' and the correct
spelling (e.g., `I\hbox'). Otherwise just continue,
and I'll forget about whatever was undefined.

Missing character: There is no m in font nullfont!
Missing character: There is no l in font nullfont!
Missing character: There is no M in font nullfont!
Missing character: There is no L in font nullfont!
! Undefined control sequence.
l.11 \newacronym
                {eda}{EDA}{\textit{Exploratory Data Analysis}}
The control sequence at the end of the top line
of your error message was never \def'ed. If you have
misspelled it (e.g., `\hobx'), type `I' and the correct
spelling (e.g., `I\hbox'). Otherwise just continue,
and I'll forget about whatever was undefined.

Missing character: There is no e in font nullfont!
Missing character: There is no d in font nullfont!
Missing character: There is no a in font nullfont!
Missing character: There is no E in font nullfont!
Missing character: There is no D in font nullfont!
Missing character: There is no A in font nullfont!
! Undefined control sequence.
l.12 \newacronym
                {api}{API}{\textit{Application Programming Interface}}
The control sequence at the end of the top line
of your error message was never \def'ed. If you have
misspelled it (e.g., `\hobx'), type `I' and the correct
spelling (e.g., `I\hbox'). Otherwise just continue,
and I'll forget about whatever was undefined.

Missing character: There is no a in font nullfont!
Missing character: There is no p in font nullfont!
Missing character: There is no i in font nullfont!
Missing character: There is no A in font nullfont!
Missing character: There is no P in font nullfont!
Missing character: There is no I in font nullfont!
! Undefined control sequence.
l.13 \newacronym
                {etl}{ETL}{Extract, Transform, Load}
The control sequence at the end of the top line
of your error message was never \def'ed. If you have
misspelled it (e.g., `\hobx'), type `I' and the correct
spelling (e.g., `I\hbox'). Otherwise just continue,
and I'll forget about whatever was undefined.

Missing character: There is no e in font nullfont!
Missing character: There is no t in font nullfont!
Missing character: There is no l in font nullfont!
Missing character: There is no E in font nullfont!
Missing character: There is no T in font nullfont!
Missing character: There is no L in font nullfont!
Missing character: There is no E in font nullfont!
Missing character: There is no x in font nullfont!
Missing character: There is no t in font nullfont!
Missing character: There is no r in font nullfont!
Missing character: There is no a in font nullfont!
Missing character: There is no c in font nullfont!
Missing character: There is no t in font nullfont!
Missing character: There is no , in font nullfont!
Missing character: There is no T in font nullfont!
Missing character: There is no r in font nullfont!
Missing character: There is no a in font nullfont!
Missing character: There is no n in font nullfont!
Missing character: There is no s in font nullfont!
Missing character: There is no f in font nullfont!
Missing character: There is no o in font nullfont!
Missing character: There is no r in font nullfont!
Missing character: There is no m in font nullfont!
Missing character: There is no , in font nullfont!
Missing character: There is no L in font nullfont!
Missing character: There is no o in font nullfont!
Missing character: There is no a in font nullfont!
Missing character: There is no d in font nullfont!

Overfull \hbox (20.0pt too wide) in paragraph at lines 8--14
[]
 []


Overfull \hbox (17.65544pt too wide) in paragraph at lines 8--14
\OT1/cmr/m/it/10 Ma-
 []


Overfull \hbox (22.99985pt too wide) in paragraph at lines 8--14
\OT1/cmr/m/it/10 chine
 []


Overfull \hbox (28.37753pt too wide) in paragraph at lines 8--14
\OT1/cmr/m/it/10 Learn-
 []


Overfull \hbox (13.2888pt too wide) in paragraph at lines 8--14
\OT1/cmr/m/it/10 ing
 []


Overfull \hbox (14.99991pt too wide) in paragraph at lines 8--14
\OT1/cmr/m/it/10 Ex-
 []


Overfull \hbox (39.09972pt too wide) in paragraph at lines 8--14
\OT1/cmr/m/it/10 ploratory
 []


Overfull \hbox (21.0943pt too wide) in paragraph at lines 8--14
\OT1/cmr/m/it/10 Data
 []


Overfull \hbox (24.04428pt too wide) in paragraph at lines 8--14
\OT1/cmr/m/it/10 Anal-
 []


Overfull \hbox (8.43326pt too wide) in paragraph at lines 8--14
\OT1/cmr/m/it/10 y-
 []


Overfull \hbox (11.24438pt too wide) in paragraph at lines 8--14
\OT1/cmr/m/it/10 sis
 []


Overfull \hbox (16.12212pt too wide) in paragraph at lines 8--14
\OT1/cmr/m/it/10 Ap-
 []


Overfull \hbox (14.31102pt too wide) in paragraph at lines 8--14
\OT1/cmr/m/it/10 pli-
 []


Overfull \hbox (12.77766pt too wide) in paragraph at lines 8--14
\OT1/cmr/m/it/10 ca-
 []


Overfull \hbox (17.12212pt too wide) in paragraph at lines 8--14
\OT1/cmr/m/it/10 tion
 []


Overfull \hbox (19.17763pt too wide) in paragraph at lines 8--14
\OT1/cmr/m/it/10 Pro-
 []


Overfull \hbox (25.17203pt too wide) in paragraph at lines 8--14
\OT1/cmr/m/it/10 gram-
 []


Overfull \hbox (21.46654pt too wide) in paragraph at lines 8--14
\OT1/cmr/m/it/10 ming
 []


Overfull \hbox (13.05547pt too wide) in paragraph at lines 8--14
\OT1/cmr/m/it/10 In-
 []


Overfull \hbox (15.71652pt too wide) in paragraph at lines 8--14
\OT1/cmr/m/it/10 ter-
 []


Overfull \hbox (16.86653pt too wide) in paragraph at lines 8--14
\OT1/cmr/m/it/10 face
 []

! Undefined control sequence.
l.16 \newacronym
                {efg}{eFG\%}{\textit{Effective Field Goal Percentage}}
The control sequence at the end of the top line
of your error message was never \def'ed. If you have
misspelled it (e.g., `\hobx'), type `I' and the correct
spelling (e.g., `I\hbox'). Otherwise just continue,
and I'll forget about whatever was undefined.


! LaTeX Error: Missing \begin{document}.

See the LaTeX manual or LaTeX Companion for explanation.
Type  H <return>  for immediate help.
 ...                                              
                                                  
l.16 \newacronym{e
                  fg}{eFG\%}{\textit{Effective Field Goal Percentage}}
You're in trouble here.  Try typing  <return>  to proceed.
If that doesn't work, type  X <return>  to quit.

Missing character: There is no e in font nullfont!
Missing character: There is no f in font nullfont!
Missing character: There is no g in font nullfont!
Missing character: There is no e in font nullfont!
Missing character: There is no F in font nullfont!
Missing character: There is no G in font nullfont!
Missing character: There is no % in font nullfont!
! Undefined control sequence.
l.17 \newacronym
                {ts}{TS\%}{\textit{True Shooting Percentage}}
The control sequence at the end of the top line
of your error message was never \def'ed. If you have
misspelled it (e.g., `\hobx'), type `I' and the correct
spelling (e.g., `I\hbox'). Otherwise just continue,
and I'll forget about whatever was undefined.

Missing character: There is no t in font nullfont!
Missing character: There is no s in font nullfont!
Missing character: There is no T in font nullfont!
Missing character: There is no S in font nullfont!
Missing character: There is no % in font nullfont!
! Undefined control sequence.
l.18 \newacronym
                {ortg}{ORtg}{\textit{Offensive Rating}}
The control sequence at the end of the top line
of your error message was never \def'ed. If you have
misspelled it (e.g., `\hobx'), type `I' and the correct
spelling (e.g., `I\hbox'). Otherwise just continue,
and I'll forget about whatever was undefined.

Missing character: There is no o in font nullfont!
Missing character: There is no r in font nullfont!
Missing character: There is no t in font nullfont!
Missing character: There is no g in font nullfont!
Missing character: There is no O in font nullfont!
Missing character: There is no R in font nullfont!
Missing character: There is no t in font nullfont!
Missing character: There is no g in font nullfont!
! Undefined control sequence.
l.19 \newacronym
                {drtg}{DRtg}{\textit{Defensive Rating}}
The control sequence at the end of the top line
of your error message was never \def'ed. If you have
misspelled it (e.g., `\hobx'), type `I' and the correct
spelling (e.g., `I\hbox'). Otherwise just continue,
and I'll forget about whatever was undefined.

Missing character: There is no d in font nullfont!
Missing character: There is no r in font nullfont!
Missing character: There is no t in font nullfont!
Missing character: There is no g in font nullfont!
Missing character: There is no D in font nullfont!
Missing character: There is no R in font nullfont!
Missing character: There is no t in font nullfont!
Missing character: There is no g in font nullfont!
! Undefined control sequence.
l.20 \newacronym
                {netrtg}{NetRtg}{Net Rating}
The control sequence at the end of the top line
of your error message was never \def'ed. If you have
misspelled it (e.g., `\hobx'), type `I' and the correct
spelling (e.g., `I\hbox'). Otherwise just continue,
and I'll forget about whatever was undefined.

Missing character: There is no n in font nullfont!
Missing character: There is no e in font nullfont!
Missing character: There is no t in font nullfont!
Missing character: There is no r in font nullfont!
Missing character: There is no t in font nullfont!
Missing character: There is no g in font nullfont!
Missing character: There is no N in font nullfont!
Missing character: There is no e in font nullfont!
Missing character: There is no t in font nullfont!
Missing character: There is no R in font nullfont!
Missing character: There is no t in font nullfont!
Missing character: There is no g in font nullfont!
Missing character: There is no N in font nullfont!
Missing character: There is no e in font nullfont!
Missing character: There is no t in font nullfont!
Missing character: There is no R in font nullfont!
Missing character: There is no a in font nullfont!
Missing character: There is no t in font nullfont!
Missing character: There is no i in font nullfont!
Missing character: There is no n in font nullfont!
Missing character: There is no g in font nullfont!
! Undefined control sequence.
l.21 \newacronym
                {pace}{PACE}{Ritmo (posesiones por 48 min)}
The control sequence at the end of the top line
of your error message was never \def'ed. If you have
misspelled it (e.g., `\hobx'), type `I' and the correct
spelling (e.g., `I\hbox'). Otherwise just continue,
and I'll forget about whatever was undefined.

Missing character: There is no p in font nullfont!
Missing character: There is no a in font nullfont!
Missing character: There is no c in font nullfont!
Missing character: There is no e in font nullfont!
Missing character: There is no P in font nullfont!
Missing character: There is no A in font nullfont!
Missing character: There is no C in font nullfont!
Missing character: There is no E in font nullfont!
Missing character: There is no R in font nullfont!
Missing character: There is no i in font nullfont!
Missing character: There is no t in font nullfont!
Missing character: There is no m in font nullfont!
Missing character: There is no o in font nullfont!
Missing character: There is no ( in font nullfont!
Missing character: There is no p in font nullfont!
Missing character: There is no o in font nullfont!
Missing character: There is no s in font nullfont!
Missing character: There is no e in font nullfont!
Missing character: There is no s in font nullfont!
Missing character: There is no i in font nullfont!
Missing character: There is no o in font nullfont!
Missing character: There is no n in font nullfont!
Missing character: There is no e in font nullfont!
Missing character: There is no s in font nullfont!
Missing character: There is no p in font nullfont!
Missing character: There is no o in font nullfont!
Missing character: There is no r in font nullfont!
Missing character: There is no 4 in font nullfont!
Missing character: There is no 8 in font nullfont!
Missing character: There is no m in font nullfont!
Missing character: There is no i in font nullfont!
Missing character: There is no n in font nullfont!
Missing character: There is no ) in font nullfont!
! Undefined control sequence.
l.22 \newacronym
                {rapm}{RAPM}{\textit{Regularized Adjusted Plus-Minus}}
The control sequence at the end of the top line
of your error message was never \def'ed. If you have
misspelled it (e.g., `\hobx'), type `I' and the correct
spelling (e.g., `I\hbox'). Otherwise just continue,
and I'll forget about whatever was undefined.

Missing character: There is no r in font nullfont!
Missing character: There is no a in font nullfont!
Missing character: There is no p in font nullfont!
Missing character: There is no m in font nullfont!
Missing character: There is no R in font nullfont!
Missing character: There is no A in font nullfont!
Missing character: There is no P in font nullfont!
Missing character: There is no M in font nullfont!

Overfull \hbox (57.19414pt too wide) in paragraph at lines 16--23
[]\OT1/cmr/m/it/10 Effective
 []


Overfull \hbox (21.86096pt too wide) in paragraph at lines 16--23
\OT1/cmr/m/it/10 Field
 []


Overfull \hbox (20.00266pt too wide) in paragraph at lines 16--23
\OT1/cmr/m/it/10 Goal
 []


Overfull \hbox (19.17763pt too wide) in paragraph at lines 16--23
\OT1/cmr/m/it/10 Per-
 []


Overfull \hbox (21.21092pt too wide) in paragraph at lines 16--23
\OT1/cmr/m/it/10 cent-
 []


Overfull \hbox (14.311pt too wide) in paragraph at lines 16--23
\OT1/cmr/m/it/10 age
 []


Overfull \hbox (20.57207pt too wide) in paragraph at lines 16--23
\OT1/cmr/m/it/10 True
 []


Overfull \hbox (27.34425pt too wide) in paragraph at lines 16--23
\OT1/cmr/m/it/10 Shoot-
 []


Overfull \hbox (13.2888pt too wide) in paragraph at lines 16--23
\OT1/cmr/m/it/10 ing
 []


Overfull \hbox (19.17763pt too wide) in paragraph at lines 16--23
\OT1/cmr/m/it/10 Per-
 []


Overfull \hbox (21.21092pt too wide) in paragraph at lines 16--23
\OT1/cmr/m/it/10 cent-
 []


Overfull \hbox (14.311pt too wide) in paragraph at lines 16--23
\OT1/cmr/m/it/10 age
 []


Overfull \hbox (14.31102pt too wide) in paragraph at lines 16--23
\OT1/cmr/m/it/10 Of-
 []


Overfull \hbox (16.86655pt too wide) in paragraph at lines 16--23
\OT1/cmr/m/it/10 fen-
 []


Overfull \hbox (16.35544pt too wide) in paragraph at lines 16--23
\OT1/cmr/m/it/10 sive
 []


Overfull \hbox (18.7943pt too wide) in paragraph at lines 16--23
\OT1/cmr/m/it/10 Rat-
 []


Overfull \hbox (13.2888pt too wide) in paragraph at lines 16--23
\OT1/cmr/m/it/10 ing
 []


Overfull \hbox (15.72765pt too wide) in paragraph at lines 16--23
\OT1/cmr/m/it/10 De-
 []


Overfull \hbox (16.86655pt too wide) in paragraph at lines 16--23
\OT1/cmr/m/it/10 fen-
 []


Overfull \hbox (16.35544pt too wide) in paragraph at lines 16--23
\OT1/cmr/m/it/10 sive
 []


Overfull \hbox (18.7943pt too wide) in paragraph at lines 16--23
\OT1/cmr/m/it/10 Rat-
 []


Overfull \hbox (13.2888pt too wide) in paragraph at lines 16--23
\OT1/cmr/m/it/10 ing
 []


Overfull \hbox (19.04982pt too wide) in paragraph at lines 16--23
\OT1/cmr/m/it/10 Reg-
 []


Overfull \hbox (8.94438pt too wide) in paragraph at lines 16--23
\OT1/cmr/m/it/10 u-
 []


Overfull \hbox (15.461pt too wide) in paragraph at lines 16--23
\OT1/cmr/m/it/10 lar-
 []


Overfull \hbox (16.35544pt too wide) in paragraph at lines 16--23
\OT1/cmr/m/it/10 ized
 []


Overfull \hbox (15.611pt too wide) in paragraph at lines 16--23
\OT1/cmr/m/it/10 Ad-
 []


Overfull \hbox (25.04427pt too wide) in paragraph at lines 16--23
\OT1/cmr/m/it/10 justed
 []


Overfull \hbox (22.37209pt too wide) in paragraph at lines 16--23
\OT1/cmr/m/it/10 Plus-
 []


Overfull \hbox (27.93178pt too wide) in paragraph at lines 16--23
\OT1/cmr/m/it/10 Minus 
 []

! Undefined control sequence.
l.25 \newacronym
                {rf}{RF}{\textit{Random Forest}}
The control sequence at the end of the top line
of your error message was never \def'ed. If you have
misspelled it (e.g., `\hobx'), type `I' and the correct
spelling (e.g., `I\hbox'). Otherwise just continue,
and I'll forget about whatever was undefined.


! LaTeX Error: Missing \begin{document}.

See the LaTeX manual or LaTeX Companion for explanation.
Type  H <return>  for immediate help.
 ...                                              
                                                  
l.25 \newacronym{r
                  f}{RF}{\textit{Random Forest}}
You're in trouble here.  Try typing  <return>  to proceed.
If that doesn't work, type  X <return>  to quit.

Missing character: There is no r in font nullfont!
Missing character: There is no f in font nullfont!
Missing character: There is no R in font nullfont!
Missing character: There is no F in font nullfont!
! Undefined control sequence.
l.26 \newacronym
                {xgb}{XGBoost}{\textit{Extreme Gradient Boosting}}
The control sequence at the end of the top line
of your error message was never \def'ed. If you have
misspelled it (e.g., `\hobx'), type `I' and the correct
spelling (e.g., `I\hbox'). Otherwise just continue,
and I'll forget about whatever was undefined.

Missing character: There is no x in font nullfont!
Missing character: There is no g in font nullfont!
Missing character: There is no b in font nullfont!
Missing character: There is no X in font nullfont!
Missing character: There is no G in font nullfont!
Missing character: There is no B in font nullfont!
Missing character: There is no o in font nullfont!
Missing character: There is no o in font nullfont!
Missing character: There is no s in font nullfont!
Missing character: There is no t in font nullfont!
! Undefined control sequence.
l.27 \newacronym
                {roc}{ROC}{\textit{Receiver Operating Characteristic}}
The control sequence at the end of the top line
of your error message was never \def'ed. If you have
misspelled it (e.g., `\hobx'), type `I' and the correct
spelling (e.g., `I\hbox'). Otherwise just continue,
and I'll forget about whatever was undefined.

Missing character: There is no r in font nullfont!
Missing character: There is no o in font nullfont!
Missing character: There is no c in font nullfont!
Missing character: There is no R in font nullfont!
Missing character: There is no O in font nullfont!
Missing character: There is no C in font nullfont!
! Undefined control sequence.
l.28 \newacronym
                {auc}{AUC}{Área bajo la curva ROC}
The control sequence at the end of the top line
of your error message was never \def'ed. If you have
misspelled it (e.g., `\hobx'), type `I' and the correct
spelling (e.g., `I\hbox'). Otherwise just continue,
and I'll forget about whatever was undefined.

Missing character: There is no a in font nullfont!
Missing character: There is no u in font nullfont!
Missing character: There is no c in font nullfont!
Missing character: There is no A in font nullfont!
Missing character: There is no U in font nullfont!
Missing character: There is no C in font nullfont!
Missing character: There is no r in font nullfont!
Missing character: There is no e in font nullfont!
Missing character: There is no a in font nullfont!
Missing character: There is no b in font nullfont!
Missing character: There is no a in font nullfont!
Missing character: There is no j in font nullfont!
Missing character: There is no o in font nullfont!
Missing character: There is no l in font nullfont!
Missing character: There is no a in font nullfont!
Missing character: There is no c in font nullfont!
Missing character: There is no u in font nullfont!
Missing character: There is no r in font nullfont!
Missing character: There is no v in font nullfont!
Missing character: There is no a in font nullfont!
Missing character: There is no R in font nullfont!
Missing character: There is no O in font nullfont!
Missing character: There is no C in font nullfont!
! Undefined control sequence.
l.29 \newacronym
                {rmse}{RMSE}{Raíz del Error Cuadrático Medio}
The control sequence at the end of the top line
of your error message was never \def'ed. If you have
misspelled it (e.g., `\hobx'), type `I' and the correct
spelling (e.g., `I\hbox'). Otherwise just continue,
and I'll forget about whatever was undefined.

Missing character: There is no r in font nullfont!
Missing character: There is no m in font nullfont!
Missing character: There is no s in font nullfont!
Missing character: There is no e in font nullfont!
Missing character: There is no R in font nullfont!
Missing character: There is no M in font nullfont!
Missing character: There is no S in font nullfont!
Missing character: There is no E in font nullfont!
Missing character: There is no R in font nullfont!
Missing character: There is no a in font nullfont!
Missing character: There is no z in font nullfont!
Missing character: There is no d in font nullfont!
Missing character: There is no e in font nullfont!
Missing character: There is no l in font nullfont!
Missing character: There is no E in font nullfont!
Missing character: There is no r in font nullfont!
Missing character: There is no r in font nullfont!
Missing character: There is no o in font nullfont!
Missing character: There is no r in font nullfont!
Missing character: There is no C in font nullfont!
Missing character: There is no u in font nullfont!
Missing character: There is no a in font nullfont!
Missing character: There is no d in font nullfont!
Missing character: There is no r in font nullfont!
Missing character: There is no t in font nullfont!
Missing character: There is no i in font nullfont!
Missing character: There is no c in font nullfont!
Missing character: There is no o in font nullfont!
Missing character: There is no M in font nullfont!
Missing character: There is no e in font nullfont!
Missing character: There is no d in font nullfont!
Missing character: There is no i in font nullfont!
Missing character: There is no o in font nullfont!
! Undefined control sequence.
l.30 \newacronym
                {mae}{MAE}{Error Absoluto Medio}
The control sequence at the end of the top line
of your error message was never \def'ed. If you have
misspelled it (e.g., `\hobx'), type `I' and the correct
spelling (e.g., `I\hbox'). Otherwise just continue,
and I'll forget about whatever was undefined.

Missing character: There is no m in font nullfont!
Missing character: There is no a in font nullfont!
Missing character: There is no e in font nullfont!
Missing character: There is no M in font nullfont!
Missing character: There is no A in font nullfont!
Missing character: There is no E in font nullfont!
Missing character: There is no E in font nullfont!
Missing character: There is no r in font nullfont!
Missing character: There is no r in font nullfont!
Missing character: There is no o in font nullfont!
Missing character: There is no r in font nullfont!
Missing character: There is no A in font nullfont!
Missing character: There is no b in font nullfont!
Missing character: There is no s in font nullfont!
Missing character: There is no o in font nullfont!
Missing character: There is no l in font nullfont!
Missing character: There is no u in font nullfont!
Missing character: There is no t in font nullfont!
Missing character: There is no o in font nullfont!
Missing character: There is no M in font nullfont!
Missing character: There is no e in font nullfont!
Missing character: There is no d in font nullfont!
Missing character: There is no i in font nullfont!
Missing character: There is no o in font nullfont!
! Undefined control sequence.
l.31 \newacronym
                {shap}{SHAP}{\textit{SHapley Additive exPlanations}}
The control sequence at the end of the top line
of your error message was never \def'ed. If you have
misspelled it (e.g., `\hobx'), type `I' and the correct
spelling (e.g., `I\hbox'). Otherwise just continue,
and I'll forget about whatever was undefined.

Missing character: There is no s in font nullfont!
Missing character: There is no h in font nullfont!
Missing character: There is no a in font nullfont!
Missing character: There is no p in font nullfont!
Missing character: There is no S in font nullfont!
Missing character: There is no H in font nullfont!
Missing character: There is no A in font nullfont!
Missing character: There is no P in font nullfont!

Overfull \hbox (55.91646pt too wide) in paragraph at lines 25--32
[]\OT1/cmr/m/it/10 Random
 []


Overfull \hbox (18.66652pt too wide) in paragraph at lines 25--32
\OT1/cmr/m/it/10 For-
 []


Overfull \hbox (12.01102pt too wide) in paragraph at lines 25--32
\OT1/cmr/m/it/10 est
 []


Overfull \hbox (14.99991pt too wide) in paragraph at lines 25--32
\OT1/cmr/m/it/10 Ex-
 []


Overfull \hbox (24.40535pt too wide) in paragraph at lines 25--32
\OT1/cmr/m/it/10 treme
 []


Overfull \hbox (20.1304pt too wide) in paragraph at lines 25--32
\OT1/cmr/m/it/10 Gra-
 []


Overfull \hbox (11.75548pt too wide) in paragraph at lines 25--32
\OT1/cmr/m/it/10 di-
 []


Overfull \hbox (13.54434pt too wide) in paragraph at lines 25--32
\OT1/cmr/m/it/10 ent
 []


Overfull \hbox (27.7387pt too wide) in paragraph at lines 25--32
\OT1/cmr/m/it/10 Boost-
 []


Overfull \hbox (13.2888pt too wide) in paragraph at lines 25--32
\OT1/cmr/m/it/10 ing
 []


Overfull \hbox (14.96098pt too wide) in paragraph at lines 25--32
\OT1/cmr/m/it/10 Re-
 []


Overfull \hbox (25.172pt too wide) in paragraph at lines 25--32
\OT1/cmr/m/it/10 ceiver
 []


Overfull \hbox (16.35545pt too wide) in paragraph at lines 25--32
\OT1/cmr/m/it/10 Op-
 []


Overfull \hbox (12.39433pt too wide) in paragraph at lines 25--32
\OT1/cmr/m/it/10 er-
 []


Overfull \hbox (12.01102pt too wide) in paragraph at lines 25--32
\OT1/cmr/m/it/10 at-
 []


Overfull \hbox (13.2888pt too wide) in paragraph at lines 25--32
\OT1/cmr/m/it/10 ing
 []


Overfull \hbox (25.17204pt too wide) in paragraph at lines 25--32
\OT1/cmr/m/it/10 Char-
 []


Overfull \hbox (13.28879pt too wide) in paragraph at lines 25--32
\OT1/cmr/m/it/10 ac-
 []


Overfull \hbox (15.71652pt too wide) in paragraph at lines 25--32
\OT1/cmr/m/it/10 ter-
 []


Overfull \hbox (10.73326pt too wide) in paragraph at lines 25--32
\OT1/cmr/m/it/10 is-
 []


Overfull \hbox (10.9888pt too wide) in paragraph at lines 25--32
\OT1/cmr/m/it/10 tic
 []


Overfull \hbox (7.50002pt too wide) in paragraph at lines 25--32
[]\/cmr/m/n/10 A
 []


Overfull \hbox (2.77779pt too wide) in paragraph at lines 25--32
\/cmr/m/n/10 ^^S^^P
 []


Overfull \hbox (5.00002pt too wide) in paragraph at lines 25--32
\/cmr/m/n/10 ^^Sa
 []


Overfull \hbox (26.8554pt too wide) in paragraph at lines 25--32
\OT1/cmr/m/it/10 SHap-
 []


Overfull \hbox (12.01102pt too wide) in paragraph at lines 25--32
\OT1/cmr/m/it/10 ley
 []


Overfull \hbox (15.611pt too wide) in paragraph at lines 25--32
\OT1/cmr/m/it/10 Ad-
 []


Overfull \hbox (11.75548pt too wide) in paragraph at lines 25--32
\OT1/cmr/m/it/10 di-
 []


Overfull \hbox (15.58876pt too wide) in paragraph at lines 25--32
\OT1/cmr/m/it/10 tive
 []


Overfull \hbox (12.81657pt too wide) in paragraph at lines 25--32
\OT1/cmr/m/it/10 ex-
 []


Overfull \hbox (18.02766pt too wide) in paragraph at lines 25--32
\OT1/cmr/m/it/10 Pla-
 []


Overfull \hbox (14.31102pt too wide) in paragraph at lines 25--32
\OT1/cmr/m/it/10 na-
 []


Overfull \hbox (22.0318pt too wide) in paragraph at lines 25--32
\OT1/cmr/m/it/10 tions 
 []

! Undefined control sequence.
l.34 \newacronym
                {wl}{W/L}{\textit{Win/Loss}}
The control sequence at the end of the top line
of your error message was never \def'ed. If you have
misspelled it (e.g., `\hobx'), type `I' and the correct
spelling (e.g., `I\hbox'). Otherwise just continue,
and I'll forget about whatever was undefined.


! LaTeX Error: Missing \begin{document}.

See the LaTeX manual or LaTeX Companion for explanation.
Type  H <return>  for immediate help.
 ...                                              
                                                  
l.34 \newacronym{w
                  l}{W/L}{\textit{Win/Loss}}
You're in trouble here.  Try typing  <return>  to proceed.
If that doesn't work, type  X <return>  to quit.

Missing character: There is no w in font nullfont!
Missing character: There is no l in font nullfont!
Missing character: There is no W in font nullfont!
Missing character: There is no / in font nullfont!
Missing character: There is no L in font nullfont!

Overfull \hbox (63.65944pt too wide) in paragraph at lines 34--35
[]\OT1/cmr/m/it/10 Win/Loss 
 []

! Undefined control sequence.
l.37 \glsaddall
               
The control sequence at the end of the top line
of your error message was never \def'ed. If you have
misspelled it (e.g., `\hobx'), type `I' and the correct
spelling (e.g., `I\hbox'). Otherwise just continue,
and I'll forget about whatever was undefined.

! Undefined control sequence.
l.40 \printglossary
                   [type=\acronymtype, title={}, toctitle={}, nonumberlist]
The control sequence at the end of the top line
of your error message was never \def'ed. If you have
misspelled it (e.g., `\hobx'), type `I' and the correct
spelling (e.g., `I\hbox'). Otherwise just continue,
and I'll forget about whatever was undefined.


! LaTeX Error: Missing \begin{document}.

See the LaTeX manual or LaTeX Companion for explanation.
Type  H <return>  for immediate help.
 ...                                              
                                                  
l.40 \printglossary[
                    type=\acronymtype, title={}, toctitle={}, nonumberlist]
You're in trouble here.  Try typing  <return>  to proceed.
If that doesn't work, type  X <return>  to quit.

Missing character: There is no [ in font nullfont!
Missing character: There is no t in font nullfont!
Missing character: There is no y in font nullfont!
Missing character: There is no p in font nullfont!
Missing character: There is no e in font nullfont!
Missing character: There is no = in font nullfont!
! Undefined control sequence.
l.40 \printglossary[type=\acronymtype
                                     , title={}, toctitle={}, nonumberlist]
The control sequence at the end of the top line
of your error message was never \def'ed. If you have
misspelled it (e.g., `\hobx'), type `I' and the correct
spelling (e.g., `I\hbox'). Otherwise just continue,
and I'll forget about whatever was undefined.

Missing character: There is no , in font nullfont!
Missing character: There is no t in font nullfont!
Missing character: There is no i in font nullfont!
Missing character: There is no t in font nullfont!
Missing character: There is no l in font nullfont!
Missing character: There is no e in font nullfont!
Missing character: There is no = in font nullfont!
Missing character: There is no , in font nullfont!
Missing character: There is no t in font nullfont!
Missing character: There is no o in font nullfont!
Missing character: There is no c in font nullfont!
Missing character: There is no t in font nullfont!
Missing character: There is no i in font nullfont!
Missing character: There is no t in font nullfont!
Missing character: There is no l in font nullfont!
Missing character: There is no e in font nullfont!
Missing character: There is no = in font nullfont!
Missing character: There is no , in font nullfont!
Missing character: There is no n in font nullfont!
Missing character: There is no o in font nullfont!
Missing character: There is no n in font nullfont!
Missing character: There is no u in font nullfont!
Missing character: There is no m in font nullfont!
Missing character: There is no b in font nullfont!
Missing character: There is no e in font nullfont!
Missing character: There is no r in font nullfont!
Missing character: There is no l in font nullfont!
Missing character: There is no i in font nullfont!
Missing character: There is no s in font nullfont!
Missing character: There is no t in font nullfont!
Missing character: There is no ] in font nullfont!
)
! Emergency stop.
<*> 00-acronimos.tex
                    
*** (job aborted, no legal \end found)

 
Here is how much of TeX's memory you used:
 28 strings out of 473190
 475 string characters out of 5715801
 393984 words of memory out of 5000000
 23380 multiletter control sequences out of 15000+600000
 559183 words of font info for 37 fonts, out of 8000000 for 9000
 1141 hyphenation exceptions out of 8191
 23i,1n,32p,122b,89s stack positions out of 10000i,1000n,20000p,200000b,200000s
!  ==> Fatal error occurred, no output PDF file produced!
